I'm sorry, but errors were detected in your script. Please correct the
errors listed below, and try again.


File "game/options.rpy", line 350: is not terminated with a newline. (Check strings and parenthesis.)
(Perhaps you left out a ' at the end of the first line.)
        build.classify('renpy/**.**', archive')

Ren'Py Version: Ren'Py 6.99.8.959
